// Jest Snapshot v1, https://goo.gl/fbAQLP

exports[`select.vue should be opened when label is clicked 1`] = `
<div role="listbox" tabindex="0" class="v-select is-open is-placeholding is-down">
  <div class="label"></div>
  <div class="options" style=""></div> <select tabindex="-1" class="select"></select>
</div>
`;

exports[`select.vue should highlight the first available option on keypress 1`] = `
<div role="listbox" tabindex="0" class="v-select is-down">
  <div class="label">Arizona</div>
  <div aria-hidden="true" class="options" style="animation-duration: 0s;">
    <div role="option" aria-disabled="true" aria-selected="false" class="v-option is-disabled" style="padding-left: 12px;">
      <div class="label">Alabama</div>
    </div>
    <div role="option" aria-disabled="true" aria-selected="false" class="v-option is-disabled" style="padding-left: 12px;">
      <div class="label">Alaska</div>
    </div>
    <div role="option" aria-selected="true" class="v-option is-selected is-highlighted is-hovered" style="padding-left: 12px;">
      <div class="label">Arizona</div>
    </div>
    <div role="option" aria-selected="false" class="v-option" style="padding-left: 12px;">
      <div class="label">Arkansas</div>
    </div>
    <div role="option" aria-disabled="true" aria-selected="false" class="v-option is-disabled" style="padding-left: 12px;">
      <div class="label">California</div>
    </div>
    <div role="option" aria-selected="false" class="v-option" style="padding-left: 12px;">
      <div class="label"><strong>Colorado</strong></div>
    </div>
    <div role="option" aria-selected="false" class="v-option" style="padding-left: 12px;">
      <div class="label">Connecticut</div>
    </div>
    <div role="option" aria-selected="false" class="v-option" style="padding-left: 12px;">
      <div class="label">Delaware</div>
    </div>
    <div role="option" aria-selected="false" class="v-option" style="padding-left: 12px;">
      <div class="label">District Of Columbia</div>
    </div>
    <div role="option" aria-selected="false" class="v-option" style="padding-left: 12px;">
      <div class="label">Florida</div>
    </div>
    <div role="option" aria-selected="false" class="v-option" style="padding-left: 12px;">
      <div class="label">Georgia</div>
    </div>
    <div role="option" aria-selected="false" class="v-option" style="padding-left: 12px;">
      <div class="label">Hawaii</div>
    </div>
    <div role="option" aria-selected="false" class="v-option" style="padding-left: 12px;">
      <div class="label">Idaho</div>
    </div>
    <div role="option" aria-selected="false" class="v-option" style="padding-left: 12px;">
      <div class="label">Illinois</div>
    </div>
    <div role="option" aria-selected="false" class="v-option" style="padding-left: 12px;">
      <div class="label">Indiana</div>
    </div>
    <div role="option" aria-selected="false" class="v-option" style="padding-left: 12px;">
      <div class="label">Iowa</div>
    </div>
    <div role="option" aria-selected="false" class="v-option" style="padding-left: 12px;">
      <div class="label">Kansas</div>
    </div>
    <div role="option" aria-selected="false" class="v-option" style="padding-left: 12px;">
      <div class="label">Kentucky</div>
    </div>
    <div role="option" aria-selected="false" class="v-option" style="padding-left: 12px;">
      <div class="label">Louisiana</div>
    </div>
    <div role="option" aria-selected="false" class="v-option" style="padding-left: 12px;">
      <div class="label">Maine</div>
    </div>
    <div role="option" aria-selected="false" class="v-option" style="padding-left: 12px;">
      <div class="label">Maryland</div>
    </div>
    <div role="option" aria-selected="false" class="v-option" style="padding-left: 12px;">
      <div class="label">Massachusetts</div>
    </div>
    <div role="option" aria-selected="false" class="v-option" style="padding-left: 12px;">
      <div class="label">Michigan</div>
    </div>
    <div role="option" aria-selected="false" class="v-option" style="padding-left: 12px;">
      <div class="label">Minnesota</div>
    </div>
    <div role="option" aria-selected="false" class="v-option" style="padding-left: 12px;">
      <div class="label">Mississippi</div>
    </div>
    <div role="option" aria-selected="false" class="v-option" style="padding-left: 12px;">
      <div class="label">Missouri</div>
    </div>
    <div role="option" aria-selected="false" class="v-option" style="padding-left: 12px;">
      <div class="label">Montana</div>
    </div>
    <div role="option" aria-selected="false" class="v-option" style="padding-left: 12px;">
      <div class="label">Nebraska</div>
    </div>
    <div role="option" aria-selected="false" class="v-option" style="padding-left: 12px;">
      <div class="label">Nevada</div>
    </div>
    <div role="option" aria-selected="false" class="v-option" style="padding-left: 12px;">
      <div class="label">New Hampshire</div>
    </div>
    <div role="option" aria-selected="false" class="v-option" style="padding-left: 12px;">
      <div class="label">New Jersey</div>
    </div>
    <div role="option" aria-selected="false" class="v-option" style="padding-left: 12px;">
      <div class="label">New Mexico</div>
    </div>
    <div role="option" aria-selected="false" class="v-option" style="padding-left: 12px;">
      <div class="label">New York</div>
    </div>
    <div role="option" aria-selected="false" class="v-option" style="padding-left: 12px;">
      <div class="label">North Carolina</div>
    </div>
    <div role="option" aria-selected="false" class="v-option" style="padding-left: 12px;">
      <div class="label">North Dakota</div>
    </div>
    <div role="option" aria-selected="false" class="v-option" style="padding-left: 12px;">
      <div class="label">Ohio</div>
    </div>
    <div role="option" aria-selected="false" class="v-option" style="padding-left: 12px;">
      <div class="label">Oklahoma</div>
    </div>
    <div role="option" aria-selected="false" class="v-option" style="padding-left: 12px;">
      <div class="label">Oregon</div>
    </div>
    <div role="option" aria-selected="false" class="v-option" style="padding-left: 12px;">
      <div class="label">Pennsylvania</div>
    </div>
    <div role="option" aria-selected="false" class="v-option" style="padding-left: 12px;">
      <div class="label">Rhode Island</div>
    </div>
    <div role="option" aria-selected="false" class="v-option" style="padding-left: 12px;">
      <div class="label">South Carolina</div>
    </div>
    <div role="option" aria-selected="false" class="v-option" style="padding-left: 12px;">
      <div class="label">South Dakota</div>
    </div>
    <div role="option" aria-selected="false" class="v-option" style="padding-left: 12px;">
      <div class="label">Tennessee</div>
    </div>
    <div role="option" aria-selected="false" class="v-option" style="padding-left: 12px;">
      <div class="label">Texas</div>
    </div>
    <div role="option" aria-selected="false" class="v-option" style="padding-left: 12px;">
      <div class="label">Utah</div>
    </div>
    <div role="option" aria-selected="false" class="v-option" style="padding-left: 12px;">
      <div class="label">Vermont</div>
    </div>
    <div role="option" aria-selected="false" class="v-option" style="padding-left: 12px;">
      <div class="label">Virginia</div>
    </div>
    <div role="option" aria-selected="false" class="v-option" style="padding-left: 12px;">
      <div class="label">Washington</div>
    </div>
    <div role="option" aria-selected="false" class="v-option" style="padding-left: 12px;">
      <div class="label">West Virginia</div>
    </div>
    <div role="option" aria-disabled="true" aria-selected="false" class="v-option is-disabled" style="padding-left: 12px;">
      <div class="label">Wisconsin</div>
    </div>
    <div role="option" aria-disabled="true" aria-selected="false" class="v-option is-disabled" style="padding-left: 12px;">
      <div class="label">Wyoming</div>
    </div>
  </div> <select tabindex="-1" class="select">
    <option value="AL" disabled="">Alabama</option>
    <option value="AK" disabled="">Alaska</option>
    <option value="AZ" selected="">Arizona</option>
    <option value="AR">Arkansas</option>
    <option value="CA" disabled="">California</option>
    <option value="CO">Colorado</option>
    <option value="CT">Connecticut</option>
    <option value="DE">Delaware</option>
    <option value="DC">District Of Columbia</option>
    <option value="FL">Florida</option>
    <option value="GA">Georgia</option>
    <option value="HI">Hawaii</option>
    <option value="ID">Idaho</option>
    <option value="IL">Illinois</option>
    <option value="IN">Indiana</option>
    <option value="IA">Iowa</option>
    <option value="KS">Kansas</option>
    <option value="KY">Kentucky</option>
    <option value="LA">Louisiana</option>
    <option value="ME">Maine</option>
    <option value="MD">Maryland</option>
    <option value="MA">Massachusetts</option>
    <option value="MI">Michigan</option>
    <option value="MN">Minnesota</option>
    <option value="MS">Mississippi</option>
    <option value="MO">Missouri</option>
    <option value="MT">Montana</option>
    <option value="NE">Nebraska</option>
    <option value="NV">Nevada</option>
    <option value="NH">New Hampshire</option>
    <option value="NJ">New Jersey</option>
    <option value="NM">New Mexico</option>
    <option value="NY">New York</option>
    <option value="NC">North Carolina</option>
    <option value="ND">North Dakota</option>
    <option value="OH">Ohio</option>
    <option value="OK">Oklahoma</option>
    <option value="OR">Oregon</option>
    <option value="PA">Pennsylvania</option>
    <option value="RI">Rhode Island</option>
    <option value="SC">South Carolina</option>
    <option value="SD">South Dakota</option>
    <option value="TN">Tennessee</option>
    <option value="TX">Texas</option>
    <option value="UT">Utah</option>
    <option value="VT">Vermont</option>
    <option value="VA">Virginia</option>
    <option value="WA">Washington</option>
    <option value="WV">West Virginia</option>
    <option value="WI" disabled="">Wisconsin</option>
    <option value="WY" disabled="">Wyoming</option>
  </select>
</div>
`;
